// Jest Snapshot v1, https://goo.gl/fbAQLP

exports[`renders correctly 1`] = `
<View>
  <Text
    style={
      [
        {
          "color": "#E0E0E0",
        },
      ]
    }
  >
    You're currently on the settings page!
  </Text>
</View>
`;
